2026-08-02 07:47:58 [INFO] 🚀 Iniciando envío de 14 pesaje(s) pendiente(s) a Laravel...
2026-08-02 07:48:02 [INFO] ✅ Sincronización Exitosa. UUIDs confirmados: ['0af9b31a-7a9a-4633-b937-5ed06333aa70']
2026-08-02 07:56:04 [INFO] 🚀 Iniciando envío de 13 pesaje(s) pendiente(s) a Laravel...
2026-08-02 07:56:06 [INFO] ✅ Sincronización Exitosa. UUIDs confirmados: ['9e3a8e64-fa30-4715-8d44-3ff1199d0418', '81755029-f06e-43b0-8394-9b4b545389b9', '958569e4-edd6-4600-aa44-62ef30d1cb86', '956cbf8f-a7ac-4dd7-bc34-82f79523e6ee', '145f24e9-326a-41d0-ba00-455e496434ea', '19bd1ed7-dae2-42dc-bfac-07a25e3c9166', '4c3b9006-8af0-4881-9f53-13e56b9de97e', '6bd1507a-48f6-4b08-ae13-48544943b2c9', '8704821a-a037-45d6-86e1-8c225c4f34fa', 'a155ca9f-bac7-4811-8864-9ee5d950bdb9', '072c06d2-5ab8-4653-9586-0ad7a7211061', '02feb47a-2bae-4cc9-ad94-cd7b30084efe', '704aec9f-3e14-4850-967d-cc450dd93aad']
2026-08-03 08:31:25 [INFO] ℹ️ Sin pesajes pendientes por sincronizar.
2026-08-03 08:32:10 [INFO] ℹ️ Sin pesajes pendientes por sincronizar.
2026-08-04 10:55:53 [INFO] 🚀 Iniciando envío de 1 pesaje(s) pendiente(s) a Laravel...
2026-08-04 10:55:56 [WARNING] ⚠️ Servidor respondió HTTP 200 pero devolvió synced_uuids VACÍO. (Revisar logs de Laravel).
2026-08-04 12:28:06 [INFO] 🚀 Iniciando envío de 1 pesaje(s) pendiente(s) a Laravel...
2026-08-04 12:28:10 [INFO] ✅ Sincronización Exitosa. UUIDs confirmados: ['3e4d38b6-49c3-4743-ad31-046314b56328']
2026-08-04 14:17:22 [INFO] 🚀 Iniciando envío de 1 pesaje(s) pendiente(s) a Laravel...
2026-08-04 14:17:25 [INFO] ✅ Sincronización Exitosa. UUIDs confirmados: ['822a1c0a-231c-4554-934e-a731b833d543']
2026-08-05 15:01:35 [INFO] 🚀 Iniciando envío de 1 pesaje(s) pendiente(s) a Laravel...
2026-08-05 15:01:38 [INFO] ✅ Sincronización Exitosa. UUIDs confirmados: ['fa443991-4c27-4457-96b1-e756132ca353']
2026-08-05 18:45:21 [INFO] 🚀 Iniciando envío de 1 pesaje(s) pendiente(s) a Laravel...
2026-08-05 18:45:24 [INFO] ✅ Sincronización Exitosa. UUIDs confirmados: ['41a25a80-145e-452e-9ce0-13ccce8d96fc']
2026-08-09 23:07:23 [INFO] 🚀 Iniciando envío de 1 pesaje(s) pendiente(s) a Laravel...
2026-08-09 23:07:25 [ERROR] ❌ RECHAZADO POR SERVIDOR (HTTP 422): {"message":"The selected recepciones.0.detalles.5.destino is invalid. (and 2 more errors)","errors":{"recepciones.0.detalles.5.destino":["The selected recepciones.0.detalles.5.destino is invalid."],"recepciones.0.detalles.6.destino":["The selected recepciones.0.detalles.6.destino is invalid."],"recepciones.0.detalles.7.destino":["The selected recepciones.0.detalles.7.destino is invalid."]}}
2026-08-09 23:08:22 [INFO] 🚀 Iniciando envío de 1 pesaje(s) pendiente(s) a Laravel...
2026-08-09 23:08:25 [ERROR] ❌ RECHAZADO POR SERVIDOR (HTTP 422): {"message":"The selected recepciones.0.detalles.5.destino is invalid. (and 2 more errors)","errors":{"recepciones.0.detalles.5.destino":["The selected recepciones.0.detalles.5.destino is invalid."],"recepciones.0.detalles.6.destino":["The selected recepciones.0.detalles.6.destino is invalid."],"recepciones.0.detalles.7.destino":["The selected recepciones.0.detalles.7.destino is invalid."]}}
2026-08-09 23:14:56 [INFO] 🚀 Iniciando envío de 1 pesaje(s) pendiente(s) a Laravel...
2026-08-09 23:14:58 [ERROR] ❌ RECHAZADO POR SERVIDOR (HTTP 422): {"message":"The selected recepciones.0.detalles.5.destino is invalid. (and 2 more errors)","errors":{"recepciones.0.detalles.5.destino":["The selected recepciones.0.detalles.5.destino is invalid."],"recepciones.0.detalles.6.destino":["The selected recepciones.0.detalles.6.destino is invalid."],"recepciones.0.detalles.7.destino":["The selected recepciones.0.detalles.7.destino is invalid."]}}
2026-08-09 23:15:10 [INFO] 🚀 Iniciando envío de 1 pesaje(s) pendiente(s) a Laravel...
2026-08-09 23:15:13 [INFO] ✅ Sincronización Exitosa. UUIDs confirmados: ['10d64cb2-a45b-4d5a-b959-5fce078c1357']
2026-08-10 00:03:55 [INFO] 🚀 Iniciando envío de 2 pesaje(s) pendiente(s) a Laravel...
2026-08-10 00:03:57 [INFO] ✅ Sincronización Exitosa. UUIDs confirmados: ['1d8bc28d-a6a4-4771-a315-a034ac33c0a9', '310156cf-e5d5-4a52-9dc8-ea6afeb29f04']
2026-08-10 19:31:15 [INFO] 🚀 Iniciando envío de 51 pesaje(s) pendiente(s) a Laravel...
2026-08-10 19:31:18 [INFO] ✅ Sincronización Exitosa. UUIDs confirmados: ['f7b190c1-899a-4088-bb8a-82f2b29605ac', '48466e5c-7bdf-450b-93aa-62c80abade1d', '8a7b8592-647b-40e8-aeaf-777e6084978f', '43dc15cd-552b-4020-96fa-fe3ba0082f64', '990cebde-3880-4e94-a2ab-88ef172472b3', '8b781452-a123-48a3-9104-c8b6b07b6412', '1b1d1cef-e4ee-4b31-8a49-84744379d90e', 'c7ccf88b-5dc8-469f-abc7-9bce521b1b9d', 'b5fc4db5-37dc-4f3a-a0b1-d5dcb53e105a', 'becdd0d1-8f4a-49e0-aa6f-39f320cfe9d0', '10aa437b-66d4-4f89-96ab-c81b200976ba', 'd847e480-165d-4070-b409-93f2b5acffc6', '3ba26305-c38b-4aaa-a43a-4947ed4b194e', '870dcb73-3d11-4e0a-91fc-c4e173a87133', 'cca862e8-828f-4bdc-9cd8-9ac6d9349d73', '5541c818-2c94-4c4b-be3c-3c3180e0cd94', 'c4f4cc54-6bda-41d6-8923-172c59626656', 'dc3923f5-ebaa-46fe-bd18-6a244ddd4e8a', 'b6b246cb-4c88-44ce-9d56-f0a2dcb6cbe5', '0a3b3b96-ade6-44e9-99bb-f7649eb92c30', '1eed53a0-9fd3-42ba-82cf-5ad2aa1dcc35', 'ef7b3382-d969-4abc-a96a-557cc5e85f3f', '5bd0616c-c714-48a7-96d4-84817eeaee93', '49b5f0a4-cb08-437f-b2b1-b3ad73350434', 'afb8ba25-7928-4089-852f-a9ae1fdfe109', '9f86c548-632b-4f4e-bfae-7dae05aec947', '0ad56822-3006-4f21-8777-04a51fd6e7c4', '4be89e7f-afb1-4d8c-b6d6-fa3b39f41f7a', 'cb585f3d-74e4-4830-b660-6c4abc2b1321', '31d10cb6-7f8a-4d23-a8b2-9cb8b0714d29', 'e400f083-75e5-4f0b-815c-581373f9a474', 'af33639d-2033-434a-87ff-b298b24873ad', '8a7652f7-2c11-457b-99c6-4113e62def8d', 'c7ad99e9-81d5-4e5e-8405-364894b301b1', 'f9162527-5feb-4e50-bda3-04f4d559162a', 'b7efef9d-b3ec-4b91-ad38-c58b68364cb8', 'e9f57d78-66e4-4afd-af65-466fab4a4c7f', '1444ec48-e30a-4650-9372-f0606670a7b4', '0a245b32-0053-41a4-bb81-f40213b69f4f', '904f72df-e75d-42ea-847a-8f31c647d75b', '6cec7877-5cc6-4150-a7be-5e23a8d865dd', '63c1756a-bcfe-476a-8fe9-210d2f112113', '8de71e2c-ebb4-488b-9635-6fce512d3d8f', 'ac3f0f69-6075-46d1-a52c-66f612d4055f', '89dd7190-f690-4dc7-94f2-e3e00885855d', '0111d2a2-90b7-4f07-a6d4-44576aaadf0e', '509517bc-3a7c-4bcd-93f9-7d9d772f41cb', '9c76975f-8509-44f4-8f1c-f97d9037dfd2', '8e9e055b-4856-4a69-901b-716ce089d7b1', '89a18390-8952-491f-a0c4-5d9d4dc4d00e', 'df3dd193-648e-466b-8178-e87b9f7c160e']
